jq -r .version package.json
cp ../README.md README.md
npx vsce package -o go-0.0.0-rc.1.vsix --baseContentUrl https://github.com/golang/vscode-go/raw/v0.0.0-rc.1 --baseImagesUrl https://github.com/golang/vscode-go/raw/v0.0.0-rc.1 --no-update-package-json --no-git-tag-version 0.0.0-rc.1
